/Users/vineethamallu/tech-podcast-ai/venv/lib/python3.11/site-packages/torch/nn/modules/rnn.py:1013: UserWarning: dropout option adds dropout after all but last recurrent layer, so non-zero dropout expects num_layers greater than 1, but got dropout=0.2 and num_layers=1
  super().__init__("LSTM", *args, **kwargs)
/Users/vineethamallu/tech-podcast-ai/venv/lib/python3.11/site-packages/torch/nn/utils/weight_norm.py:144: FutureWarning: `torch.nn.utils.weight_norm` is deprecated in favor of `torch.nn.utils.parametrizations.weight_norm`.
  WeightNorm.apply(module, name, dim)
Warning: You are sending unauthenticated requests to the HF Hub. Please set a HF_TOKEN to enable higher rate limits and faster downloads.
/Users/vineethamallu/tech-podcast-ai/venv/lib/python3.11/site-packages/torch/nn/modules/rnn.py:1013: UserWarning: dropout option adds dropout after all but last recurrent layer, so non-zero dropout expects num_layers greater than 1, but got dropout=0.2 and num_layers=1
  super().__init__("LSTM", *args, **kwargs)
/Users/vineethamallu/tech-podcast-ai/venv/lib/python3.11/site-packages/torch/nn/utils/weight_norm.py:144: FutureWarning: `torch.nn.utils.weight_norm` is deprecated in favor of `torch.nn.utils.parametrizations.weight_norm`.
  WeightNorm.apply(module, name, dim)
The following paths are ignored by one of your .gitignore files:
episodes
hint: Use -f if you really want to add them.
hint: Disable this message with "git config set advice.addIgnoredFile false"
[main 779537f] episodes 2026-04-21
 Committer: Vineetha Mallu <vineethamallu@Vineethas-MacBook-Air.local>
Your name and email address were configured automatically based
on your username and hostname. Please check that they are accurate.
You can suppress this message by setting them explicitly:

    git config --global user.name "Your Name"
    git config --global user.email you@example.com

After doing this, you may fix the identity used for this commit with:

    git commit --amend --reset-author

 4 files changed, 55 insertions(+), 11 deletions(-)
To https://github.com/vm3n/tech-podcast-ai.git
   0c3b67a..779537f  main -> main

==================================================
TECH PODCAST PIPELINE
Date: 2026-04-21
==================================================
  Database ready: podcast.db

Cleaning up old episodes...
  Cleaned up 0 old episode files

TEST MODE — using hardcoded categories

Categories to process: ['tech', 'ai']

==================================================
PROCESSING CATEGORY: TECH
==================================================
Processing 1 articles

Fetching articles...

Fetching: https://arstechnica.com
  Title : Not found
  Words : 536
  Tier  : FULL ARTICLE

==================================================
FETCH SUMMARY
==================================================
  Full articles : 1
  Partial       : 0
  Headline only : 0
  Total         : 1
==================================================

Running dedup...

==================================================
DEDUP CHECK
==================================================
  Input articles: 1
  [URL dup] Skipping: https://arstechnica.com
  After URL dedup: 0
  After title dedup: 1
  After semantic dedup: 1

  Final unique articles: 1
==================================================

Generating tech script...

==================================================
GENERATING EPISODE SCRIPTS
==================================================

Article 1 of 1

Generating script for: https://arstechnica.com...
  Tier: full (536 words)
  Running quality check...
  Quality check complete
  Final script: 849 words

==================================================
EPISODE COMPLETE
  Total words : 895
  Est. runtime: ~6 minutes
==================================================
  Script saved: scripts/tech_2026-04-21.txt

Generating tech audio...

==================================================
TTS AUDIO GENERATION
==================================================
  Date    : 2026-04-21
  Words   : 895
  Output  : episodes/tech/2026-04-21.mp3
  Est time: ~6 minutes of audio
  Generating audio: episodes/tech/2026-04-21.mp3
WARNING: Defaulting repo_id to hexgrad/Kokoro-82M. Pass repo_id='hexgrad/Kokoro-82M' to suppress this warning.
  Saved: episodes/tech/2026-04-21.mp3 (4.9 MB)

==================================================
EPISODE GENERATED SUCCESSFULLY
  File: episodes/tech/2026-04-21.mp3
==================================================
  Episode saved to database: tech_2026-04-21
  RSS feed updated: feed_tech.xml

  TECH episode ready:
  episodes/tech/2026-04-21.mp3

==================================================
PROCESSING CATEGORY: AI
==================================================
Processing 1 articles

Fetching articles...

Fetching: https://techcrunch.com
  Title : Not found
  Words : 209
  Tier  : PARTIAL (paywall likely)

==================================================
FETCH SUMMARY
==================================================
  Full articles : 0
  Partial       : 1
  Headline only : 0
  Total         : 1
==================================================

Running dedup...

==================================================
DEDUP CHECK
==================================================
  Input articles: 1
  [URL dup] Skipping: https://techcrunch.com
  After URL dedup: 0
  After title dedup: 1
  After semantic dedup: 1

  Final unique articles: 1
==================================================

Generating ai script...

==================================================
GENERATING EPISODE SCRIPTS
==================================================

Article 1 of 1

Generating script for: https://techcrunch.com...
  Tier: partial (209 words)
  Running quality check...
  Quality check complete
  Final script: 854 words

==================================================
EPISODE COMPLETE
  Total words : 900
  Est. runtime: ~6 minutes
==================================================
  Script saved: scripts/ai_2026-04-21.txt

Generating ai audio...

==================================================
TTS AUDIO GENERATION
==================================================
  Date    : 2026-04-21
  Words   : 900
  Output  : episodes/ai/2026-04-21.mp3
  Est time: ~6 minutes of audio
  Generating audio: episodes/ai/2026-04-21.mp3
WARNING: Defaulting repo_id to hexgrad/Kokoro-82M. Pass repo_id='hexgrad/Kokoro-82M' to suppress this warning.
  Saved: episodes/ai/2026-04-21.mp3 (4.7 MB)

==================================================
EPISODE GENERATED SUCCESSFULLY
  File: episodes/ai/2026-04-21.mp3
==================================================
  Episode saved to database: ai_2026-04-21
  RSS feed updated: feed_ai.xml

  AI episode ready:
  episodes/ai/2026-04-21.mp3

Pushing to GitHub...
Pushed successfully

==================================================
ALL CATEGORIES COMPLETE
==================================================

==================================================
DATABASE STATS
==================================================
  Total URLs processed : 9
  Total episodes       : 4

  Recent episodes:
    tech_2026-04-21 — 1 articles, 895 words
    tech_2026-04-20 — 1 articles, 1143 words
    ai_2026-04-21 — 1 articles, 900 words
    ai_2026-04-20 — 1 articles, 804 words
==================================================
